../Application/User/audio_system.c:173:6:Audio_Init	64	static
../Application/User/audio_system.c:212:6:Audio_PlayNote	0	static
../Application/User/audio_system.c:248:6:Audio_StopNote	0	static
../Application/User/audio_system.c:333:6:Audio_PlayChord.part.0	48	static
../Application/User/audio_system.c:262:6:Audio_StartExtendedMelody	8	static
../Application/User/audio_system.c:274:6:Audio_StopExtendedMelody	0	static
../Application/User/audio_system.c:313:6:Audio_StopChordProgression	0	static
../Application/User/audio_system.c:323:6:Audio_OnScreenChange	8	static
../Application/User/audio_system.c:333:6:Audio_PlayChord	0	static
../Application/User/audio_system.c:361:6:Audio_TestEpicSequence	8	static
../Application/User/audio_system.c:372:6:Audio_TestDreamySequence	16	static
../Application/User/audio_system.c:389:6:Audio_TestCinematicSequence	56	static
../Application/User/audio_system.c:408:6:Audio_PlayEnhancedProgression	8	static
../Application/User/audio_system.c:422:6:Audio_PlayBackgroundMusic	0	static
../Application/User/audio_system.c:423:6:Audio_PlayCyberpunkAmbient	0	static
../Application/User/audio_system.c:424:6:Audio_TriggerGlitch	0	static
../Application/User/audio_system.c:425:6:Audio_StopBackgroundMusic	0	static
../Application/User/audio_system.c:426:6:Audio_StopCyberpunkAmbient	0	static
../Application/User/audio_system.c:428:6:Audio_SetVolume	0	static
../Application/User/audio_system.c:437:6:Audio_SetDigitalEffects	0	static
../Application/User/audio_system.c:438:6:Audio_FadeOut	0	static
../Application/User/audio_system.c:439:6:Audio_FadeIn	0	static
../Application/User/audio_system.c:444:6:Audio_Update	24	static
