../../Middlewares/ST/touchgfx/framework/include/touchgfx/Screen.hpp:104:18:virtual void touchgfx::Screen::afterTransition()	0	static
../../Middlewares/ST/touchgfx/framework/include/touchgfx/Screen.hpp:144:18:virtual void touchgfx::Screen::handleTickEvent()	0	static
../../Middlewares/ST/touchgfx/framework/include/touchgfx/Screen.hpp:154:18:virtual void touchgfx::Screen::handleKeyEvent(uint8_t)	0	static
C:/TouchGFXProjects/Nhung/Nhung/Nhung/MyApplication_2/TouchGFX/gui/src/backupscreen_screen/BackUpScreenView.cpp:13:6:virtual void BackUpScreenView::tearDownScreen()	0	static
../../TouchGFX/gui/include/gui/backupscreen_screen/BackUpScreenView.hpp:11:13:BackUpScreenView::~BackUpScreenView()	8	static
../../TouchGFX/gui/include/gui/backupscreen_screen/BackUpScreenView.hpp:11:13:virtual BackUpScreenView::~BackUpScreenView()	8	static
C:/TouchGFXProjects/Nhung/Nhung/Nhung/MyApplication_2/TouchGFX/gui/src/backupscreen_screen/BackUpScreenView.cpp:3:1:BackUpScreenView::BackUpScreenView()	8	static
C:/TouchGFXProjects/Nhung/Nhung/Nhung/MyApplication_2/TouchGFX/gui/src/backupscreen_screen/BackUpScreenView.cpp:8:6:virtual void BackUpScreenView::setupScreen()	0	static
