../../Middlewares/ST/touchgfx/framework/include/touchgfx/Screen.hpp:104:18:virtual void touchgfx::Screen::afterTransition()	0	static
../../Middlewares/ST/touchgfx/framework/include/touchgfx/Screen.hpp:144:18:virtual void touchgfx::Screen::handleTickEvent()	0	static
../../Middlewares/ST/touchgfx/framework/include/touchgfx/Screen.hpp:154:18:virtual void touchgfx::Screen::handleKeyEvent(uint8_t)	0	static
C:/TouchGFXProjects/Nhung/Nhung/Nhung/MyApplication_2/TouchGFX/gui/src/character_final_screen/Character_FinalView.cpp:13:6:virtual void Character_FinalView::tearDownScreen()	0	static
../../TouchGFX/gui/include/gui/character_final_screen/Character_FinalView.hpp:11:13:Character_FinalView::~Character_FinalView()	8	static
../../TouchGFX/gui/include/gui/character_final_screen/Character_FinalView.hpp:11:13:virtual Character_FinalView::~Character_FinalView()	8	static
C:/TouchGFXProjects/Nhung/Nhung/Nhung/MyApplication_2/TouchGFX/gui/src/character_final_screen/Character_FinalView.cpp:3:1:Character_FinalView::Character_FinalView()	8	static
C:/TouchGFXProjects/Nhung/Nhung/Nhung/MyApplication_2/TouchGFX/gui/src/character_final_screen/Character_FinalView.cpp:8:6:virtual void Character_FinalView::setupScreen()	0	static
