../../TouchGFX/gui/include/gui/character1_screen/Character1Presenter.hpp:28:13:Character1Presenter::~Character1Presenter()	0	static
C:/TouchGFXProjects/Nhung/Nhung/Nhung/MyApplication_2/TouchGFX/gui/src/character1_screen/Character1Presenter.cpp:10:6:virtual void Character1Presenter::activate()	0	static
../../TouchGFX/gui/include/gui/character1_screen/Character1Presenter.hpp:28:13:virtual Character1Presenter::~Character1Presenter()	8	static
../../TouchGFX/gui/include/gui/character1_screen/Character1Presenter.hpp:28:13:virtual void* Character1Presenter::_ZThn4_N19Character1PresenterD1Ev()	0	static
C:/TouchGFXProjects/Nhung/Nhung/Nhung/MyApplication_2/TouchGFX/gui/src/character1_screen/Character1Presenter.cpp:4:1:Character1Presenter::Character1Presenter(Character1View&)	0	static
