../../TouchGFX/gui/include/gui/mainmenuscreen_1_screen/MainMenuScreen_1Presenter.hpp:28:13:MainMenuScreen_1Presenter::~MainMenuScreen_1Presenter()	0	static
C:/TouchGFXProjects/Nhung/Nhung/MyApplication_2/TouchGFX/gui/src/mainmenuscreen_1_screen/MainMenuScreen_1Presenter.cpp:10:6:virtual void MainMenuScreen_1Presenter::activate()	0	static
../../TouchGFX/gui/include/gui/mainmenuscreen_1_screen/MainMenuScreen_1Presenter.hpp:28:13:virtual MainMenuScreen_1Presenter::~MainMenuScreen_1Presenter()	8	static
../../TouchGFX/gui/include/gui/mainmenuscreen_1_screen/MainMenuScreen_1Presenter.hpp:28:13:virtual void* MainMenuScreen_1Presenter::_ZThn4_N25MainMenuScreen_1PresenterD1Ev()	0	static
C:/TouchGFXProjects/Nhung/Nhung/MyApplication_2/TouchGFX/gui/src/mainmenuscreen_1_screen/MainMenuScreen_1Presenter.cpp:4:1:MainMenuScreen_1Presenter::MainMenuScreen_1Presenter(MainMenuScreen_1View&)	0	static
