../../Middlewares/ST/touchgfx/framework/include/touchgfx/Screen.hpp:104:18:virtual void touchgfx::Screen::afterTransition()	0	static
../../Middlewares/ST/touchgfx/framework/include/touchgfx/Screen.hpp:144:18:virtual void touchgfx::Screen::handleTickEvent()	0	static
../../Middlewares/ST/touchgfx/framework/include/touchgfx/Screen.hpp:154:18:virtual void touchgfx::Screen::handleKeyEvent(uint8_t)	0	static
C:/TouchGFXProjects/Nhung/Nhung/MyApplication_2/TouchGFX/gui/src/mainmenuscreen_1_screen/MainMenuScreen_1View.cpp:13:6:virtual void MainMenuScreen_1View::tearDownScreen()	0	static
../../TouchGFX/gui/include/gui/mainmenuscreen_1_screen/MainMenuScreen_1View.hpp:11:13:MainMenuScreen_1View::~MainMenuScreen_1View()	8	static
../../TouchGFX/gui/include/gui/mainmenuscreen_1_screen/MainMenuScreen_1View.hpp:11:13:virtual MainMenuScreen_1View::~MainMenuScreen_1View()	8	static
C:/TouchGFXProjects/Nhung/Nhung/MyApplication_2/TouchGFX/gui/src/mainmenuscreen_1_screen/MainMenuScreen_1View.cpp:3:1:MainMenuScreen_1View::MainMenuScreen_1View()	8	static
C:/TouchGFXProjects/Nhung/Nhung/MyApplication_2/TouchGFX/gui/src/mainmenuscreen_1_screen/MainMenuScreen_1View.cpp:8:6:virtual void MainMenuScreen_1View::setupScreen()	0	static
