../../Middlewares/ST/touchgfx/framework/include/touchgfx/Screen.hpp:104:18:virtual void touchgfx::Screen::afterTransition()	0	static
../../Middlewares/ST/touchgfx/framework/include/touchgfx/Screen.hpp:144:18:virtual void touchgfx::Screen::handleTickEvent()	0	static
../../Middlewares/ST/touchgfx/framework/include/touchgfx/Screen.hpp:154:18:virtual void touchgfx::Screen::handleKeyEvent(uint8_t)	0	static
C:/TouchGFXProjects/Nhung/Nhung/Nhung/MyApplication_2/TouchGFX/gui/src/rewardscreen_screen/RewardScreenView.cpp:13:6:virtual void RewardScreenView::tearDownScreen()	0	static
../../TouchGFX/gui/include/gui/rewardscreen_screen/RewardScreenView.hpp:11:13:RewardScreenView::~RewardScreenView()	8	static
../../TouchGFX/gui/include/gui/rewardscreen_screen/RewardScreenView.hpp:11:13:virtual RewardScreenView::~RewardScreenView()	8	static
C:/TouchGFXProjects/Nhung/Nhung/Nhung/MyApplication_2/TouchGFX/gui/src/rewardscreen_screen/RewardScreenView.cpp:3:1:RewardScreenView::RewardScreenView()	8	static
C:/TouchGFXProjects/Nhung/Nhung/Nhung/MyApplication_2/TouchGFX/gui/src/rewardscreen_screen/RewardScreenView.cpp:8:6:virtual void RewardScreenView::setupScreen()	0	static
