../../Middlewares/ST/touchgfx/framework/include/touchgfx/Screen.hpp:104:18:virtual void touchgfx::Screen::afterTransition()	0	static
../../Middlewares/ST/touchgfx/framework/include/touchgfx/Screen.hpp:144:18:virtual void touchgfx::Screen::handleTickEvent()	0	static
../../Middlewares/ST/touchgfx/framework/include/touchgfx/Screen.hpp:154:18:virtual void touchgfx::Screen::handleKeyEvent(uint8_t)	0	static
C:/TouchGFXProjects/Nhung/Nhung/Nhung/MyApplication_2/TouchGFX/gui/src/rewardfinalscreen_screen/RewardFinalScreenView.cpp:13:6:virtual void RewardFinalScreenView::tearDownScreen()	0	static
../../TouchGFX/gui/include/gui/rewardfinalscreen_screen/RewardFinalScreenView.hpp:11:13:RewardFinalScreenView::~RewardFinalScreenView()	8	static
../../TouchGFX/gui/include/gui/rewardfinalscreen_screen/RewardFinalScreenView.hpp:11:13:virtual RewardFinalScreenView::~RewardFinalScreenView()	8	static
C:/TouchGFXProjects/Nhung/Nhung/Nhung/MyApplication_2/TouchGFX/gui/src/rewardfinalscreen_screen/RewardFinalScreenView.cpp:3:1:RewardFinalScreenView::RewardFinalScreenView()	8	static
C:/TouchGFXProjects/Nhung/Nhung/Nhung/MyApplication_2/TouchGFX/gui/src/rewardfinalscreen_screen/RewardFinalScreenView.cpp:8:6:virtual void RewardFinalScreenView::setupScreen()	0	static
