../../TouchGFX/gui/include/gui/reward1_1_screen/REWARD1_1Presenter.hpp:28:13:REWARD1_1Presenter::~REWARD1_1Presenter()	0	static
C:/TouchGFXProjects/Nhung/Nhung/Nhung/MyApplication_2/TouchGFX/gui/src/reward1_1_screen/REWARD1_1Presenter.cpp:10:6:virtual void REWARD1_1Presenter::activate()	0	static
../../TouchGFX/gui/include/gui/reward1_1_screen/REWARD1_1Presenter.hpp:28:13:virtual REWARD1_1Presenter::~REWARD1_1Presenter()	8	static
../../TouchGFX/gui/include/gui/reward1_1_screen/REWARD1_1Presenter.hpp:28:13:virtual void* REWARD1_1Presenter::_ZThn4_N18REWARD1_1PresenterD1Ev()	0	static
C:/TouchGFXProjects/Nhung/Nhung/Nhung/MyApplication_2/TouchGFX/gui/src/reward1_1_screen/REWARD1_1Presenter.cpp:4:1:REWARD1_1Presenter::REWARD1_1Presenter(REWARD1_1View&)	0	static
