../../TouchGFX/gui/include/gui/sakurafinalscreen_screen/SakuraFinalScreenPresenter.hpp:28:13:SakuraFinalScreenPresenter::~SakuraFinalScreenPresenter()	0	static
C:/TouchGFXProjects/Nhung/Nhung/Nhung/MyApplication_2/TouchGFX/gui/src/sakurafinalscreen_screen/SakuraFinalScreenPresenter.cpp:10:6:virtual void SakuraFinalScreenPresenter::activate()	0	static
../../TouchGFX/gui/include/gui/sakurafinalscreen_screen/SakuraFinalScreenPresenter.hpp:28:13:virtual SakuraFinalScreenPresenter::~SakuraFinalScreenPresenter()	8	static
../../TouchGFX/gui/include/gui/sakurafinalscreen_screen/SakuraFinalScreenPresenter.hpp:28:13:virtual void* SakuraFinalScreenPresenter::_ZThn4_N26SakuraFinalScreenPresenterD1Ev()	0	static
C:/TouchGFXProjects/Nhung/Nhung/Nhung/MyApplication_2/TouchGFX/gui/src/sakurafinalscreen_screen/SakuraFinalScreenPresenter.cpp:4:1:SakuraFinalScreenPresenter::SakuraFinalScreenPresenter(SakuraFinalScreenView&)	0	static
