../../Middlewares/ST/touchgfx/framework/include/touchgfx/Screen.hpp:104:18:virtual void touchgfx::Screen::afterTransition()	0	static
../../Middlewares/ST/touchgfx/framework/include/touchgfx/Screen.hpp:144:18:virtual void touchgfx::Screen::handleTickEvent()	0	static
../../Middlewares/ST/touchgfx/framework/include/touchgfx/Screen.hpp:154:18:virtual void touchgfx::Screen::handleKeyEvent(uint8_t)	0	static
C:/TouchGFXProjects/Nhung/Nhung/Nhung/MyApplication_2/TouchGFX/gui/src/spongemainscreen_screen/SpongeMainScreenView.cpp:13:6:virtual void SpongeMainScreenView::tearDownScreen()	0	static
../../TouchGFX/gui/include/gui/spongemainscreen_screen/SpongeMainScreenView.hpp:11:13:SpongeMainScreenView::~SpongeMainScreenView()	8	static
../../TouchGFX/gui/include/gui/spongemainscreen_screen/SpongeMainScreenView.hpp:11:13:virtual SpongeMainScreenView::~SpongeMainScreenView()	8	static
C:/TouchGFXProjects/Nhung/Nhung/Nhung/MyApplication_2/TouchGFX/gui/src/spongemainscreen_screen/SpongeMainScreenView.cpp:3:1:SpongeMainScreenView::SpongeMainScreenView()	8	static
C:/TouchGFXProjects/Nhung/Nhung/Nhung/MyApplication_2/TouchGFX/gui/src/spongemainscreen_screen/SpongeMainScreenView.cpp:8:6:virtual void SpongeMainScreenView::setupScreen()	0	static
