../../Middlewares/ST/touchgfx/framework/include/touchgfx/Screen.hpp:104:18:virtual void touchgfx::Screen::afterTransition()	0	static
../../Middlewares/ST/touchgfx/framework/include/touchgfx/Screen.hpp:144:18:virtual void touchgfx::Screen::handleTickEvent()	0	static
../../Middlewares/ST/touchgfx/framework/include/touchgfx/Screen.hpp:154:18:virtual void touchgfx::Screen::handleKeyEvent(uint8_t)	0	static
C:/TouchGFXProjects/Nhung/Nhung/Nhung/MyApplication_2/TouchGFX/gui/src/sponggamescreen_screen/SpongGameScreenView.cpp:13:6:virtual void SpongGameScreenView::tearDownScreen()	0	static
../../TouchGFX/gui/include/gui/sponggamescreen_screen/SpongGameScreenView.hpp:11:13:SpongGameScreenView::~SpongGameScreenView()	8	static
../../TouchGFX/gui/include/gui/sponggamescreen_screen/SpongGameScreenView.hpp:11:13:virtual SpongGameScreenView::~SpongGameScreenView()	8	static
C:/TouchGFXProjects/Nhung/Nhung/Nhung/MyApplication_2/TouchGFX/gui/src/sponggamescreen_screen/SpongGameScreenView.cpp:3:1:SpongGameScreenView::SpongGameScreenView()	8	static
C:/TouchGFXProjects/Nhung/Nhung/Nhung/MyApplication_2/TouchGFX/gui/src/sponggamescreen_screen/SpongGameScreenView.cpp:8:6:virtual void SpongGameScreenView::setupScreen()	0	static
