../../TouchGFX/gui/include/gui/stage3screen_screen/STAGE3SCREENPresenter.hpp:28:13:STAGE3SCREENPresenter::~STAGE3SCREENPresenter()	0	static
C:/TouchGFXProjects/Nhung/Nhung/Nhung/MyApplication_2/TouchGFX/gui/src/stage3screen_screen/STAGE3SCREENPresenter.cpp:10:6:virtual void STAGE3SCREENPresenter::activate()	0	static
../../TouchGFX/gui/include/gui/stage3screen_screen/STAGE3SCREENPresenter.hpp:28:13:virtual STAGE3SCREENPresenter::~STAGE3SCREENPresenter()	8	static
../../TouchGFX/gui/include/gui/stage3screen_screen/STAGE3SCREENPresenter.hpp:28:13:virtual void* STAGE3SCREENPresenter::_ZThn4_N21STAGE3SCREENPresenterD1Ev()	0	static
C:/TouchGFXProjects/Nhung/Nhung/Nhung/MyApplication_2/TouchGFX/gui/src/stage3screen_screen/STAGE3SCREENPresenter.cpp:4:1:STAGE3SCREENPresenter::STAGE3SCREENPresenter(STAGE3SCREENView&)	0	static
