../../TouchGFX/gui/include/gui/winscene_screen/WINSCENEPresenter.hpp:28:13:WINSCENEPresenter::~WINSCENEPresenter()	0	static
C:/TouchGFXProjects/Nhung/Nhung/Nhung/MyApplication_2/TouchGFX/gui/src/winscene_screen/WINSCENEPresenter.cpp:10:6:virtual void WINSCENEPresenter::activate()	0	static
../../TouchGFX/gui/include/gui/winscene_screen/WINSCENEPresenter.hpp:28:13:virtual WINSCENEPresenter::~WINSCENEPresenter()	8	static
../../TouchGFX/gui/include/gui/winscene_screen/WINSCENEPresenter.hpp:28:13:virtual void* WINSCENEPresenter::_ZThn4_N17WINSCENEPresenterD1Ev()	0	static
C:/TouchGFXProjects/Nhung/Nhung/Nhung/MyApplication_2/TouchGFX/gui/src/winscene_screen/WINSCENEPresenter.cpp:4:1:WINSCENEPresenter::WINSCENEPresenter(WINSCENEView&)	0	static
